11:11:27 **** Incremental Build of configuration Debug for project TeacherInstruction ****
make -j8 all 
arm-none-eabi-gcc "../Core/Src/main.c" -mcpu=cortex-m3 -std=gnu11 -g3 -DDEBUG -DUSE_HAL_DRIVER -DSTM32F103x6 -c -I../Core/Inc -I../Drivers/STM32F1xx_HAL_Driver/Inc -I../Drivers/STM32F1xx_HAL_Driver/Inc/Legacy -I../Drivers/CMSIS/Device/ST/STM32F1xx/Include -I../Drivers/CMSIS/Include -O0 -ffunction-sections -fdata-sections -Wall -fstack-usage -MMD -MP -MF"Core/Src/main.d" -MT"Core/Src/main.o" --specs=nano.specs -mfloat-abi=soft -mthumb -o "Core/Src/main.o"
arm-none-eabi-gcc -o "TeacherInstruction.elf" @"objects.list"   -mcpu=cortex-m3 -T"E:\Files\Flexible\Microcotroller- Microprocessor\LAB\Lab3\TeacherInstruction\STM32F103C6UX_FLASH.ld" --specs=nosys.specs -Wl,-Map="TeacherInstruction.map" -Wl,--gc-sections -static --specs=nano.specs -mfloat-abi=soft -mthumb -Wl,--start-group -lc -lm -Wl,--end-group
Finished building target: TeacherInstruction.elf
 
arm-none-eabi-size   TeacherInstruction.elf 
arm-none-eabi-objdump -h -S  TeacherInstruction.elf  > "TeacherInstruction.list"
arm-none-eabi-objcopy  -O ihex  TeacherInstruction.elf  "TeacherInstruction.hex"
   text	   data	    bss	    dec	    hex	filename
   7860	     40	   1664	   9564	   255c	TeacherInstruction.elf
arm-none-eabi-objcopy  -O binary  TeacherInstruction.elf  "TeacherInstruction.bin"
Finished building: default.size.stdout
 
Finished building: TeacherInstruction.hex
Finished building: TeacherInstruction.bin
 
 
Finished building: TeacherInstruction.list
 

11:11:28 Build Finished. 0 errors, 0 warnings. (took 1s.129ms)

